{
  "version": "1.5.0",
  "plugins_used": [
    {
      "name": "ArtifactoryDetector"
    },
    {
      "name": "AWSKeyDetector"
    },
    {
      "name": "AzureStorageKeyDetector"
    },
    {
      "name": "Base64HighEntropyString",
      "limit": 4.5
    },
    {
      "name": "BasicAuthDetector"
    },
    {
      "name": "CloudantDetector"
    },
    {
      "name": "DiscordBotTokenDetector"
    },
    {
      "name": "GitHubTokenDetector"
    },
    {
      "name": "GitLabTokenDetector"
    },
    {
      "name": "HexHighEntropyString",
      "limit": 3.0
    },
    {
      "name": "IbmCloudIamDetector"
    },
    {
      "name": "IbmCosHmacDetector"
    },
    {
      "name": "IPPublicDetector"
    },
    {
      "name": "JwtTokenDetector"
    },
    {
      "name": "KeywordDetector",
      "keyword_exclude": ""
    },
    {
      "name": "MailchimpDetector"
    },
    {
      "name": "NpmDetector"
    },
    {
      "name": "OpenAIDetector"
    },
    {
      "name": "PrivateKeyDetector"
    },
    {
      "name": "PypiTokenDetector"
    },
    {
      "name": "SendGridDetector"
    },
    {
      "name": "SlackDetector"
    },
    {
      "name": "SoftlayerDetector"
    },
    {
      "name": "SquareOAuthDetector"
    },
    {
      "name": "StripeDetector"
    },
    {
      "name": "TelegramBotTokenDetector"
    },
    {
      "name": "TwilioKeyDetector"
    }
  ],
  "filters_used": [
    {
      "path": "detect_secrets.filters.allowlist.is_line_allowlisted"
    },
    {
      "path": "detect_secrets.filters.common.is_ignored_due_to_verification_policies",
      "min_level": 2
    },
    {
      "path": "detect_secrets.filters.heuristic.is_indirect_reference"
    },
    {
      "path": "detect_secrets.filters.heuristic.is_likely_id_string"
    },
    {
      "path": "detect_secrets.filters.heuristic.is_lock_file"
    },
    {
      "path": "detect_secrets.filters.heuristic.is_not_alphanumeric_string"
    },
    {
      "path": "detect_secrets.filters.heuristic.is_potential_uuid"
    },
    {
      "path": "detect_secrets.filters.heuristic.is_prefixed_with_dollar_sign"
    },
    {
      "path": "detect_secrets.filters.heuristic.is_sequential_string"
    },
    {
      "path": "detect_secrets.filters.heuristic.is_swagger_file"
    },
    {
      "path": "detect_secrets.filters.heuristic.is_templated_secret"
    },
    {
      "path": "detect_secrets.filters.regex.should_exclude_file",
      "pattern": [
        "static/blog/tiptap\\.js$",
        "static/css/tailwind\\.min\\.css$",
        "package-lock\\.json$",
        "\\.venv/",
        "node_modules/"
      ]
    }
  ],
  "results": {
    ".secrets.baseline": [
      {
        "type": "Hex High Entropy String",
        "filename": ".secrets.baseline",
        "hashed_secret": "64d24695407455137c0297dfffb4ad95e4fde329",
        "is_verified": false,
        "line_number": 134
      },
      {
        "type": "Secret Keyword",
        "filename": ".secrets.baseline",
        "hashed_secret": "64d24695407455137c0297dfffb4ad95e4fde329",
        "is_verified": false,
        "line_number": 134
      },
      {
        "type": "Hex High Entropy String",
        "filename": ".secrets.baseline",
        "hashed_secret": "32a3e60ec5fbf7140cb0f21f8b9b3aae2424c027",
        "is_verified": false,
        "line_number": 144
      },
      {
        "type": "Secret Keyword",
        "filename": ".secrets.baseline",
        "hashed_secret": "32a3e60ec5fbf7140cb0f21f8b9b3aae2424c027",
        "is_verified": false,
        "line_number": 144
      },
      {
        "type": "Hex High Entropy String",
        "filename": ".secrets.baseline",
        "hashed_secret": "52b7f1dab58d6337640ad4a4f3e28c3b8e4fb0fb",
        "is_verified": false,
        "line_number": 154
      },
      {
        "type": "Secret Keyword",
        "filename": ".secrets.baseline",
        "hashed_secret": "52b7f1dab58d6337640ad4a4f3e28c3b8e4fb0fb",
        "is_verified": false,
        "line_number": 154
      },
      {
        "type": "Hex High Entropy String",
        "filename": ".secrets.baseline",
        "hashed_secret": "ae7aeb03e4b621480fc386c96d91b511bda81ea4",
        "is_verified": false,
        "line_number": 162
      },
      {
        "type": "Secret Keyword",
        "filename": ".secrets.baseline",
        "hashed_secret": "ae7aeb03e4b621480fc386c96d91b511bda81ea4",
        "is_verified": false,
        "line_number": 162
      },
      {
        "type": "Hex High Entropy String",
        "filename": ".secrets.baseline",
        "hashed_secret": "3320d8c51f020f894b30306919f6412414d28e7d",
        "is_verified": false,
        "line_number": 170
      },
      {
        "type": "Secret Keyword",
        "filename": ".secrets.baseline",
        "hashed_secret": "3320d8c51f020f894b30306919f6412414d28e7d",
        "is_verified": false,
        "line_number": 170
      },
      {
        "type": "Hex High Entropy String",
        "filename": ".secrets.baseline",
        "hashed_secret": "c41b720e04a9b47c315cb30926cc2f71a624e789",
        "is_verified": false,
        "line_number": 178
      },
      {
        "type": "Secret Keyword",
        "filename": ".secrets.baseline",
        "hashed_secret": "c41b720e04a9b47c315cb30926cc2f71a624e789",
        "is_verified": false,
        "line_number": 178
      },
      {
        "type": "Hex High Entropy String",
        "filename": ".secrets.baseline",
        "hashed_secret": "2a98254a1cf55ff09ef7cade518a7cf2f42a7512",
        "is_verified": false,
        "line_number": 186
      },
      {
        "type": "Secret Keyword",
        "filename": ".secrets.baseline",
        "hashed_secret": "2a98254a1cf55ff09ef7cade518a7cf2f42a7512",
        "is_verified": false,
        "line_number": 186
      },
      {
        "type": "Hex High Entropy String",
        "filename": ".secrets.baseline",
        "hashed_secret": "6e9d72290e1b2bab2eb2f679d891abf3893973df",
        "is_verified": false,
        "line_number": 194
      },
      {
        "type": "Secret Keyword",
        "filename": ".secrets.baseline",
        "hashed_secret": "6e9d72290e1b2bab2eb2f679d891abf3893973df",
        "is_verified": false,
        "line_number": 194
      },
      {
        "type": "Hex High Entropy String",
        "filename": ".secrets.baseline",
        "hashed_secret": "d92011243fca7c8c47a1ede00659c55f8a3f07b6",
        "is_verified": false,
        "line_number": 202
      },
      {
        "type": "Secret Keyword",
        "filename": ".secrets.baseline",
        "hashed_secret": "d92011243fca7c8c47a1ede00659c55f8a3f07b6",
        "is_verified": false,
        "line_number": 202
      },
      {
        "type": "Hex High Entropy String",
        "filename": ".secrets.baseline",
        "hashed_secret": "fde35a46c3acf66789fc58e53c84253e640ed94d",
        "is_verified": false,
        "line_number": 232
      },
      {
        "type": "Secret Keyword",
        "filename": ".secrets.baseline",
        "hashed_secret": "fde35a46c3acf66789fc58e53c84253e640ed94d",
        "is_verified": false,
        "line_number": 232
      }
    ],
    "account/api/serializers.py": [
      {
        "type": "Secret Keyword",
        "filename": "account/api/serializers.py",
        "hashed_secret": "ba82d7311b12e96451206a9202f2300add40126a",
        "is_verified": false,
        "line_number": 38
      }
    ],
    "account/tests.py": [
      {
        "type": "Secret Keyword",
        "filename": "account/tests.py",
        "hashed_secret": "1c58bd92003bbaa0538e249fff6ee19a270dec5f",
        "is_verified": false,
        "line_number": 74
      },
      {
        "type": "Secret Keyword",
        "filename": "account/tests.py",
        "hashed_secret": "1816851d10187b57a93235b52495e615629f906d",
        "is_verified": false,
        "line_number": 103
      },
      {
        "type": "Secret Keyword",
        "filename": "account/tests.py",
        "hashed_secret": "0fa86f7cd4925d1bc1f299fefdaeb3cede77592f",
        "is_verified": false,
        "line_number": 146
      },
      {
        "type": "Secret Keyword",
        "filename": "account/tests.py",
        "hashed_secret": "d8ecf7db8fc9ec9c31bc5c9ae2929cc599c75f8d",
        "is_verified": false,
        "line_number": 176
      },
      {
        "type": "Secret Keyword",
        "filename": "account/tests.py",
        "hashed_secret": "0d8b28805975effded2c628b96d75cd3b47bbdcf",
        "is_verified": false,
        "line_number": 257
      },
      {
        "type": "Secret Keyword",
        "filename": "account/tests.py",
        "hashed_secret": "1151a8c33d6ae2daf21ad0d466488e707c1c7f8d",
        "is_verified": false,
        "line_number": 281
      },
      {
        "type": "Secret Keyword",
        "filename": "account/tests.py",
        "hashed_secret": "bdb8465ce041d94a0e490564f2162dcc87d4a46a",
        "is_verified": false,
        "line_number": 289
      }
    ],
    "blog/tests.py": [
      {
        "type": "Secret Keyword",
        "filename": "blog/tests.py",
        "hashed_secret": "1c58bd92003bbaa0538e249fff6ee19a270dec5f",
        "is_verified": false,
        "line_number": 13
      }
    ],
    "blog/tests_api.py": [
      {
        "type": "Secret Keyword",
        "filename": "blog/tests_api.py",
        "hashed_secret": "1c58bd92003bbaa0538e249fff6ee19a270dec5f",
        "is_verified": false,
        "line_number": 32
      }
    ],
    "settings.ini.example": [
      {
        "type": "Secret Keyword",
        "filename": "settings.ini.example",
        "hashed_secret": "29b8dca3de5ff27bcf8bd3b622adf9970f29381c",
        "is_verified": false,
        "line_number": 2
      }
    ]
  },
  "generated_at": "2026-05-14T23:19:59Z"
}
